
================================================================================
🚀 PIPELINE SUPPLY OPTIMIZATION · W27
================================================================================
[2026-07-06 10:49:48] INFO: Período: 6 – 12 jul 2026
[2026-07-06 10:49:48] INFO: Config: WEEK_CONFIG_W27.yml
[2026-07-06 10:49:48] INFO: Log: C:\Users\federico.iglesias\Price\outputs\pipeline_W27_run_20260706_104948.log

================================================================================
📊 VALIDACIÓN DE DATASETS
================================================================================
[2026-07-06 10:49:48] SUCCESS: ✓ Dataset_RatesNoDispo_W27.xlsx (RND actual) en /uploads
[2026-07-06 10:49:48] SUCCESS: ✓ Dataset_CheckRates_W27.xlsx (CR actual) en /uploads
[2026-07-06 10:49:48] SUCCESS: ✓ Dataset_RatesNoDispo_W26.xlsx (RND anterior (WoW)) en /uploads
[2026-07-06 10:49:48] SUCCESS: ✓ Dataset_CheckRates_W26.xlsx (CR anterior (WoW)) en /uploads
[2026-07-06 10:49:48] SUCCESS: ✅ Todos los datasets validados

================================================================================
🔧 CONFIGURACIÓN
================================================================================
[2026-07-06 10:49:48] INFO: WEEK=W27
[2026-07-06 10:49:48] INFO: VOL_NUM=27
[2026-07-06 10:49:48] INFO: PERIODO=6 – 12 jul 2026
[2026-07-06 10:49:48] INFO: MES_AÑO=Julio 2026
[2026-07-06 10:49:48] INFO: FECHA_PUB=LUNES 07 de Julio de 2026
[2026-07-06 10:49:48] INFO: WEEK_PREV=W26
[2026-07-06 10:49:48] INFO: VOL_NUM_PREV=26
[2026-07-06 10:49:48] INFO: PERIODO_PREV=29 jun – 05 jul 2026
[2026-07-06 10:49:48] INFO: PICKLE_RND=rnd_w27_data.pkl
[2026-07-06 10:49:48] INFO: PICKLE_CR=cr_w27_data.pkl
[2026-07-06 10:49:48] INFO: PROJECT_DIR=C:/Users/federico.iglesias/Price
[2026-07-06 10:49:48] INFO: OUTPUTS_DIR=C:/Users/federico.iglesias/Price/outputs
[2026-07-06 10:49:48] INFO: UPLOADS_DIR=C:/Users/federico.iglesias/Price
[2026-07-06 10:49:48] SUCCESS: ✅ Variables de entorno configuradas

================================================================================
▶️  INICIANDO PIPELINE · 6 PASOS
================================================================================
[2026-07-06 10:49:48] INFO: 
[1/6] Ejecutando: 1. CALC RND

================================================================================
🔄 PASO: 1. CALC RND
================================================================================

--- STDOUT ---
Cargando datasets...


--- STDERR ---
Traceback (most recent call last):
  File "C:\Users\federico.iglesias\AppData\Local\Python\pythoncore-3.14-64\Lib\site-packages\pandas\core\indexes\base.py", line 3641, in get_loc
    return self._engine.get_loc(casted_key)
           ~~~~~~~~~~~~~~~~~~~~^^^^^^^^^^^^
  File "pandas/_libs/index.pyx", line 168, in pandas._libs.index.IndexEngine.get_loc
  File "pandas/_libs/index.pyx", line 197, in pandas._libs.index.IndexEngine.get_loc
  File "pandas/_libs/hashtable_class_helper.pxi", line 7668, in pandas._libs.hashtable.PyObjectHashTable.get_item
  File "pandas/_libs/hashtable_class_helper.pxi", line 7676, in pandas._libs.hashtable.PyObjectHashTable.get_item
KeyError: '%NoDispo'

The above exception was the direct cause of the following exception:

Traceback (most recent call last):
  File "C:\Users\federico.iglesias\Price\calc_rnd.py", line 106, in <module>
    df18 = load_rnd(_find_rnd(f'Dataset_RatesNoDispo_W{WEEK_NUM}.xlsx'), WEEK_NUM)
  File "C:\Users\federico.iglesias\Price\calc_rnd.py", line 66, in load_rnd
    df['%NoDispo'] = pd.to_numeric(df['%NoDispo'], errors='coerce').fillna(0)
                                   ~~^^^^^^^^^^^^
  File "C:\Users\federico.iglesias\AppData\Local\Python\pythoncore-3.14-64\Lib\site-packages\pandas\core\frame.py", line 4378, in __getitem__
    indexer = self.columns.get_loc(key)
  File "C:\Users\federico.iglesias\AppData\Local\Python\pythoncore-3.14-64\Lib\site-packages\pandas\core\indexes\base.py", line 3648, in get_loc
    raise KeyError(key) from err
KeyError: '%NoDispo'

[2026-07-06 10:51:34] ERROR: ❌ 1. CALC RND falló (código 1)
[2026-07-06 10:51:34] ERROR: Error: te-packages\pandas\core\frame.py", line 4378, in __getitem__
    indexer = self.columns.get_loc(key)
  File "C:\Users\federico.iglesias\AppData\Local\Python\pythoncore-3.14-64\Lib\site-packages\pandas\core\indexes\base.py", line 3648, in get_loc
    raise KeyError(key) from err
KeyError: '%NoDispo'

[2026-07-06 10:51:34] ERROR: 
❌ PIPELINE ABORTADO: 1. CALC RND es crítico

================================================================================
📋 RESUMEN
================================================================================
[2026-07-06 10:51:34] ERROR: ❌ PIPELINE FALLÓ CON ERRORES
[2026-07-06 10:51:34] ERROR:    Pasos fallidos: 1. CALC RND
[2026-07-06 10:51:34] ERROR:    Log: C:\Users\federico.iglesias\Price\outputs\pipeline_W27_run_20260706_104948.log
